// Jest Snapshot v1, https://goo.gl/fbAQLP

exports[`it should render greetings received from backend 1`] = `
<div
  className="Main"
>
  <div
    className="Left"
  >
    <div>
      <table>
        <thead>
          <tr>
            <th>
              Name
            </th>
            <th>
              Greeting
            </th>
          </tr>
        </thead>
        <tbody>
          <tr>
            <td>
              Klaus
            </td>
            <td>
              Moin moin
            </td>
          </tr>
          <tr>
            <td>
              Susi
            </td>
            <td>
              Hello!
            </td>
          </tr>
        </tbody>
      </table>
      <button
        onClick={[Function]}
      >
        Add
      </button>
    </div>
  </div>
  <div
    className="Right"
  >
    <svg
      className="with-3d-shadow with-transitions"
      style={
        Object {
          "height": "500px",
          "width": "600px",
        }
      }
    />
  </div>
</div>
`;
